******************************************************************************
                  TI ARM Linker PC v20.2.1                     
******************************************************************************
>> Linked Thu Jan  7 15:52:18 2021

OUTPUT FILE NAME:   <Lab1.out>
ENTRY POINT SYMBOL: "_c_int00"  address: 00000015


MEMORY CONFIGURATION

         name            origin    length      used     unused   attr    fill
----------------------  --------  ---------  --------  --------  ----  --------
  FLASH                 00000000   00040000  0000006a  0003ff96  R  X
  SRAM                  20000000   00008000  00000400  00007c00  RW X


SEGMENT ALLOCATION MAP

run origin  load origin   length   init length attrs members
----------  ----------- ---------- ----------- ----- -------
00000000    00000000    0000006a   0000006a    r-x
  00000000    00000000    00000014   00000014    r-- .intvecs
  00000014    00000014    00000010   00000010    r-x .text
  00000024    00000024    00000046   00000046    r-x .mycode
20000000    20000000    00000400   00000000    rw-
  20000000    20000000    00000400   00000000    rw- .stack


SECTION ALLOCATION MAP

 output                                  attributes/
section   page    origin      length       input sections
--------  ----  ----------  ----------   ----------------
.intvecs   0    00000000    00000014     
                  00000000    00000014     lab1.obj (.intvecs)

.text      0    00000014    00000010     
                  00000014    00000008     lab1.obj (.text)
                  0000001c    00000008     lab1.obj (.tramp.Prog_Start.1)

.cinit     0    00000000    00000000     UNINITIALIZED

.init_array 
*          0    00000000    00000000     UNINITIALIZED

.mycode    0    00000024    00000046     
                  00000024    00000046     lab1.obj (.mycode)

.stack     0    20000000    00000400     UNINITIALIZED
                  20000000    00000400     lab1.obj (.stack)

__llvm_prf_cnts 
*          0    20000000    00000000     UNINITIALIZED

MODULE SUMMARY

       Module         code   ro data   rw data
       ------         ----   -------   -------
    .\
       lab1.obj       86     20        0      
    +--+--------------+------+---------+---------+
       Total:         86     20        0      
                                              
       Stack:         0      0         1024   
    +--+--------------+------+---------+---------+
       Grand Total:   86     20        1024   


FAR CALL TRAMPOLINES

callee name               trampoline name
   callee addr  tramp addr   call addr  call info
--------------  -----------  ---------  ----------------
Prog_Start                $Tramp$TT$S$$Prog_Start
   00000025     0000001c     00000014   lab1.obj (.text)

[1 trampolines]
[1 trampoline calls]


GLOBAL SYMBOLS: SORTED ALPHABETICALLY BY Name 

address   name                   
-------   ----                   
00000025  Prog_Start             
00000000  Vecs                   
20000400  __STACK_END            
00000400  __STACK_SIZE           
ffffffff  __TI_pprof_out_hndl    
ffffffff  __TI_prof_data_size    
ffffffff  __TI_prof_data_start   
00000000  __TI_static_base__     
ffffffff  __binit__              
ffffffff  __c_args__             
20000000  __start___llvm_prf_cnts
20000000  __stop___llvm_prf_cnts 
00000015  _c_int00               
ffffffff  binit                  
20000000  myStack                


GLOBAL SYMBOLS: SORTED BY Symbol Address 

address   name                   
-------   ----                   
00000000  Vecs                   
00000000  __TI_static_base__     
00000015  _c_int00               
00000025  Prog_Start             
00000400  __STACK_SIZE           
20000000  __start___llvm_prf_cnts
20000000  __stop___llvm_prf_cnts 
20000000  myStack                
20000400  __STACK_END            
ffffffff  __TI_pprof_out_hndl    
ffffffff  __TI_prof_data_size    
ffffffff  __TI_prof_data_start   
ffffffff  __binit__              
ffffffff  __c_args__             
ffffffff  binit                  

[15 symbols]
